// Jest Snapshot v1, https://goo.gl/fbAQLP

exports[`YtpcEntryList renders entries 1`] = `
<div
  className="entry-list"
>
  <div
    className="entry"
    data-at-time={0}
    data-control-type="goto"
    data-entry="{\\"controlType\\":\\"goto\\",\\"atTime\\":0,\\"gotoTime\\":0}"
  >
    <span>
      At 00:00, go to 00:00
    </span>
    <div
      className="buttons"
    >
      <div
        className="edit"
        onClick={[Function]}
      >
        e
      </div>
      <div
        className="delete"
        onClick={[Function]}
      >
        x
      </div>
    </div>
  </div>
  <div
    className="entry"
    data-at-time={5}
    data-control-type="goto"
    data-entry="{\\"controlType\\":\\"goto\\",\\"atTime\\":5,\\"gotoTime\\":0}"
  >
    <span>
      At 00:05, go to 00:00
    </span>
    <div
      className="buttons"
    >
      <div
        className="edit"
        onClick={[Function]}
      >
        e
      </div>
      <div
        className="delete"
        onClick={[Function]}
      >
        x
      </div>
    </div>
  </div>
  <div
    className="entry"
    data-at-time={8}
    data-control-type="goto"
    data-entry="{\\"controlType\\":\\"goto\\",\\"atTime\\":8,\\"gotoTime\\":0}"
  >
    <span>
      At 00:08, go to 00:00
    </span>
    <div
      className="buttons"
    >
      <div
        className="edit"
        onClick={[Function]}
      >
        e
      </div>
      <div
        className="delete"
        onClick={[Function]}
      >
        x
      </div>
    </div>
  </div>
</div>
`;
